test_extract_ambiguous_versions_remains_unknown (test_system.AgentTests.test_extract_ambiguous_versions_remains_unknown) ... ok
test_forged_quote_falls_back (test_system.AgentTests.test_forged_quote_falls_back) ... ok
test_initial_fact_is_not_asked_again (test_system.AgentTests.test_initial_fact_is_not_asked_again) ... ok
test_oversized_input (test_system.AgentTests.test_oversized_input) ... ok
test_request_id_conflict (test_system.AgentTests.test_request_id_conflict) ... ok
test_request_retry_same_result (test_system.AgentTests.test_request_retry_same_result) ... ok
test_resume_failed_turn_no_duplicate_message (test_system.AgentTests.test_resume_failed_turn_no_duplicate_message) ... ok
test_turn_does_not_write_comment (test_system.AgentTests.test_turn_does_not_write_comment) ... ok
test_untrusted_text_no_auto_approval (test_system.AgentTests.test_untrusted_text_no_auto_approval) ... ok
test_above_course_cap_refused (test_system.BudgetTests.test_above_course_cap_refused) ... ok
test_durable_shared_cap (test_system.BudgetTests.test_durable_shared_cap) ... ok
test_missing_live_config_refused (test_system.BudgetTests.test_missing_live_config_refused) ... ok
test_non_metis_endpoint_refused (test_system.BudgetTests.test_non_metis_endpoint_refused) ... ok
test_settle_actual_tokens (test_system.BudgetTests.test_settle_actual_tokens) ... ok
test_timeout_reservation_not_refunded (test_system.BudgetTests.test_timeout_reservation_not_refunded) ... ok
test_scenario_count (test_system.DataTests.test_scenario_count) ... ok
test_snapshot_and_split (test_system.DataTests.test_snapshot_and_split) ... ok
test_snapshot_hashes (test_system.DataTests.test_snapshot_hashes) ... ok
test_guard_checks_json_unicode_and_zip_contents (test_system.RedactionTests.test_guard_checks_json_unicode_and_zip_contents) ... ok
test_mapbox_tokens_in_code_and_url (test_system.RedactionTests.test_mapbox_tokens_in_code_and_url) ... ok
test_preserve_code_decorators_and_names (test_system.RedactionTests.test_preserve_code_decorators_and_names) ... ok
test_approval_required (test_system.TrackerTests.test_approval_required) ... ok
test_close_requires_resolution_fact (test_system.TrackerTests.test_close_requires_resolution_fact) ... ok
test_concurrent_retry_one_effect (test_system.TrackerTests.test_concurrent_retry_one_effect) ... ok
test_corrections_persist_on_restart (test_system.TrackerTests.test_corrections_persist_on_restart) ... ok
test_edit_requires_fresh_approval (test_system.TrackerTests.test_edit_requires_fresh_approval) ... ok
test_expired_approval (test_system.TrackerTests.test_expired_approval) ... ok
test_failure_before_commit_rolls_back (test_system.TrackerTests.test_failure_before_commit_rolls_back) ... ok
test_malformed_actions (test_system.TrackerTests.test_malformed_actions) ... ok
test_multi_action_failure_is_atomic (test_system.TrackerTests.test_multi_action_failure_is_atomic) ... ok
test_new_information_invalidates_approval (test_system.TrackerTests.test_new_information_invalidates_approval) ... ok
test_new_proposal_invalidates_approval (test_system.TrackerTests.test_new_proposal_invalidates_approval) ... ok
test_reject_no_write (test_system.TrackerTests.test_reject_no_write) ... ok
test_timeout_after_commit_retry_once (test_system.TrackerTests.test_timeout_after_commit_retry_once) ... ok
test_trace_redaction_preserves_json_escapes (test_system.TrackerTests.test_trace_redaction_preserves_json_escapes) ... ok
test_unknown_fact_cannot_grant_permission (test_system.TrackerTests.test_unknown_fact_cannot_grant_permission) ... ok
test_waiting_review_survives_restart (test_system.TrackerTests.test_waiting_review_survives_restart) ... ok
test_wrong_case_no_write (test_system.TrackerTests.test_wrong_case_no_write) ... ok
test_wrong_hash_rejected (test_system.TrackerTests.test_wrong_hash_rejected) ... ok
test_approve_execute_and_retry (test_transport.HTTPTests.test_approve_execute_and_retry) ... ok
test_body_cannot_claim_reviewer_role (test_transport.HTTPTests.test_body_cannot_claim_reviewer_role) ... ok
test_health_does_not_reveal_tokens (test_transport.HTTPTests.test_health_does_not_reveal_tokens) ... ok
test_operator_cannot_approve_or_execute (test_transport.HTTPTests.test_operator_cannot_approve_or_execute) ... ok
test_bad_json_does_not_erase_known_cost (test_transport.TransportTests.test_bad_json_does_not_erase_known_cost) ... ok
test_missing_usage_keeps_reservation (test_transport.TransportTests.test_missing_usage_keeps_reservation) ... ok
test_request_and_confirmed_cost_cached (test_transport.TransportTests.test_request_and_confirmed_cost_cached) ... ok
test_timeout_keeps_reservation_no_retry (test_transport.TransportTests.test_timeout_keeps_reservation_no_retry) ... ok

----------------------------------------------------------------------
Ran 47 tests in 6.065s

OK
